###############################################################################
#
# IAR ELF Linker V3.11.1.207 for STM8                     01/Feb/2024  13:38:11
# Copyright 2010-2019 IAR Systems AB.
#
#    Output file  =  .\build\Debug\STM8S003.out
#    Map file     =  .\build\Debug\STM8S003.map
#    Command line =  
#        -f e:\Nas\电路\保温箱\YZW-S803-EE22\C2\build\Debug\STM8S003.lnp
#        (--silent --config lnkstm8s103f3.icf --config_def _CSTACK_SIZE=0x0200
#        --config_def _HEAP_SIZE=0x0000 --debug_lib --redirect
#        _Printf=_PrintfTiny --redirect _Scanf=_ScanfSmall --map
#        .\build\Debug\STM8S003.map .\build\Debug\.obj\Lib\C\stm8s_adc1.o
#        .\build\Debug\.obj\Lib\C\stm8s_awu.o
#        .\build\Debug\.obj\Lib\C\stm8s_beep.o
#        .\build\Debug\.obj\Lib\C\stm8s_clk.o
#        .\build\Debug\.obj\Lib\C\stm8s_exti.o
#        .\build\Debug\.obj\Lib\C\stm8s_flash.o
#        .\build\Debug\.obj\Lib\C\stm8s_gpio.o
#        .\build\Debug\.obj\Lib\C\stm8s_i2c.o
#        .\build\Debug\.obj\Lib\C\stm8s_itc.o
#        .\build\Debug\.obj\Lib\C\stm8s_iwdg.o
#        .\build\Debug\.obj\Lib\C\stm8s_rst.o
#        .\build\Debug\.obj\Lib\C\stm8s_spi.o
#        .\build\Debug\.obj\Lib\C\stm8s_tim1.o
#        .\build\Debug\.obj\Lib\C\stm8s_tim2.o
#        .\build\Debug\.obj\Lib\C\stm8s_tim4.o
#        .\build\Debug\.obj\Lib\C\stm8s_uart1.o
#        .\build\Debug\.obj\Lib\C\stm8s_wwdg.o
#        .\build\Debug\.obj\User\ds18b20.o .\build\Debug\.obj\User\flash.o
#        .\build\Debug\.obj\User\init.o .\build\Debug\.obj\User\key.o
#        .\build\Debug\.obj\User\main.o .\build\Debug\.obj\User\ntc.o
#        .\build\Debug\.obj\User\stm8s_delay.o
#        .\build\Debug\.obj\User\stm8s_it.o .\build\Debug\.obj\User\tm1650.o -o
#        .\build\Debug\STM8S003.out)
#
###############################################################################

*******************************************************************************
*** RUNTIME MODEL ATTRIBUTES
***

__SystemLibrary            = DLib
__code_model               = medium_or_large
__core                     = stm8
__data_model               = medium
__dlib_file_descriptor     = 0
__dlib_full_locale_support = 0
__rt_version               = 4


*******************************************************************************
*** PLACEMENT SUMMARY
***

"A0":  place at start of [0x000000-0x0000ff] { rw section .vregs };
"A1":  place at end of [0x000000-0x0003ff] { block CSTACK };
"P2":  place in [from 0x000000 to 0x0003ff] {
          block HEAP, rw section __DLIB_PERTHREAD, rw section .far.bss,
          rw section .far.data, rw section .far.noinit,
          rw section .far_func.textrw, rw section .huge.bss,
          rw section .huge.data, rw section .huge.noinit,
          rw section .huge_func.textrw, rw section .iar.dynexit,
          rw section .near.bss, rw section .near.data, rw section .near.noinit,
          rw section .near_func.textrw };
"A2":  place at start of [0x008000-0x009fff] { block INTVEC };
"P3":  place in [from 0x008000 to 0x009fff] {
          ro section __DLIB_PERTHREAD_init, ro section .far.data_init,
          ro section .far_func.textrw_init, ro section .huge.data_init,
          ro section .huge_func.textrw_init, ro section .iar.init_table,
          ro section .init_array, ro section .near.data_init,
          ro section .near.rodata, ro section .near_func.text,
          ro section .near_func.textrw_init, ro section .tiny.data_init,
          ro section .tiny.rodata_init };
"P4":  place in [from 0x008000 to 0x009fff] {
          ro section .far.rodata, ro section .far_func.text };
"P5":  place in [from 0x008000 to 0x009fff] {
          ro section .huge.rodata, ro section .huge_func.text };
do not initialize {
   rw section .eeprom.noinit, rw section .far.noinit, rw section .huge.noinit,
   rw section .near.noinit, rw section .tiny.noinit, rw section .vregs };
initialize by copy {
   rw section .far.bss, rw section .far.data, rw section .far_func.textrw,
   rw section .huge.bss, rw section .huge.data, rw section .huge_func.textrw,
   rw section .iar.dynexit, rw section .near.bss, rw section .near.data,
   rw section .near_func.textrw, rw section .tiny.bss, rw section .tiny.data,
   ro section .tiny.rodata };

No sections matched the following patterns:

  ro section .far.data_init          in "P3-P5"
  ro section .far.rodata             in "P3-P5"
  ro section .far_func.textrw_init   in "P3-P5"
  ro section .huge.data_init         in "P3-P5"
  ro section .huge.rodata            in "P3-P5"
  ro section .huge_func.text         in "P3-P5"
  ro section .huge_func.textrw_init  in "P3-P5"
  ro section .iar.init_table         in "P3-P5"
  ro section .init_array             in "P3-P5"
  ro section .near_func.text         in "P3-P5"
  ro section .near_func.textrw_init  in "P3-P5"
  ro section .tiny.data_init         in "P3-P5"
  ro section .tiny.rodata_init       in "P3-P5"
  ro section __DLIB_PERTHREAD_init   in "P3-P5"
  rw section .far.bss                in "P2"
  rw section .far.data               in "P2"
  rw section .far.noinit             in "P2"
  rw section .far_func.textrw        in "P2"
  rw section .huge.bss               in "P2"
  rw section .huge.data              in "P2"
  rw section .huge.noinit            in "P2"
  rw section .huge_func.textrw       in "P2"
  rw section .iar.dynexit            in "P2"
  rw section .near.noinit            in "P2"
  rw section .near_func.textrw       in "P2"
  rw section .tiny.bss               in "P1"
  rw section .tiny.data              in "P1"
  rw section .tiny.noinit            in "P1"
  rw section .tiny.rodata            in "P1"
  rw section __DLIB_PERTHREAD        in "P2"
  section .eeprom.data               in "P6-P8"
  section .eeprom.noinit             in "P6-P8"
  section .eeprom.rodata             in "P6-P8"


  Section            Kind      Address    Size  Object
  -------            ----      -------    ----  ------
"A0":                                     0x10
  .vregs             uninit   0x000000    0x10  vregs.o [5]
                            - 0x000010    0x10

"P2":                                     0x3a
  P2-1                        0x000010    0x3a  <Init block>
    .near.data       inited   0x000010     0x1  key.o [3]
    .near.data       inited   0x000011    0x12  main.o [3]
    .near.data       inited   0x000023     0x1  tm1650.o [3]
    .near.data       inited   0x000024     0x4  tm1650.o [3]
    .near.bss        inited   0x000028     0x1  key.o [3]
    .near.bss        inited   0x000029     0x1  key.o [3]
    .near.bss        inited   0x00002a     0x1  key.o [3]
    .near.bss        inited   0x00002b     0x1  key.o [3]
    .near.bss        inited   0x00002c     0x2  main.o [3]
    .near.bss        inited   0x00002e     0x1  main.o [3]
    .near.bss        inited   0x00002f     0x1  main.o [3]
    .near.bss        inited   0x000030     0x1  main.o [3]
    .near.bss        inited   0x000031     0x1  main.o [3]
    .near.bss        inited   0x000032     0x1  main.o [3]
    .near.bss        inited   0x000033     0x1  main.o [3]
    .near.bss        inited   0x000034     0x1  main.o [3]
    .near.bss        inited   0x000035     0x1  main.o [3]
    .near.bss        inited   0x000036     0x1  main.o [3]
    .near.bss        inited   0x000037     0x1  main.o [3]
    .near.bss        inited   0x000038     0x1  main.o [3]
    .near.bss        inited   0x000039     0x1  main.o [3]
    .near.bss        inited   0x00003a     0x1  stm8s_it.o [3]
    .near.bss        inited   0x00003b     0x1  stm8s_it.o [3]
    .near.bss        inited   0x00003c     0x2  stm8s_it.o [3]
    .near.bss        inited   0x00003e     0x2  stm8s_it.o [3]
    .near.bss        inited   0x000040     0x2  stm8s_it.o [3]
    .near.bss        inited   0x000042     0x2  stm8s_it.o [3]
    .near.bss        inited   0x000044     0x2  stm8s_it.o [3]
    .near.bss        inited   0x000046     0x1  stm8s_it.o [3]
    .near.bss        inited   0x000047     0x1  stm8s_it.o [3]
    .near.bss        inited   0x000048     0x1  stm8s_it.o [3]
    .near.bss        inited   0x000049     0x1  stm8s_it.o [3]
                            - 0x00004a    0x3a

"A1":                                    0x200
  CSTACK                      0x000200   0x200  <Block>
    CSTACK           uninit   0x000200   0x200  <Block tail>
                            - 0x000400   0x200

Absolute sections, part 1 of 4:            0x1
  .near.noinit       uninit   0x005000     0x1  main.o [3]
                            - 0x005001     0x1

Absolute sections, part 2 of 4:            0x4
  .near.noinit       uninit   0x005002     0x1  init.o [3]
  .near.noinit       uninit   0x005003     0x1  init.o [3]
  .near.noinit       uninit   0x005004     0x1  init.o [3]
  .near.noinit       uninit   0x005005     0x1  init.o [3]
                            - 0x005006     0x4

Absolute sections, part 3 of 4:            0x9
  .near.noinit       uninit   0x005007     0x1  init.o [3]
  .near.noinit       uninit   0x005008     0x1  init.o [3]
  .near.noinit       uninit   0x005009     0x1  init.o [3]
  .near.noinit       uninit   0x00500a     0x1  main.o [3]
  .near.noinit       uninit   0x00500b     0x1  ds18b20.o [3]
  .near.noinit       uninit   0x00500c     0x1  init.o [3]
  .near.noinit       uninit   0x00500d     0x1  init.o [3]
  .near.noinit       uninit   0x00500e     0x1  init.o [3]
  .near.noinit       uninit   0x00500f     0x1  main.o [3]
                            - 0x005010     0x9

Absolute sections, part 4 of 4:            0x3
  .near.noinit       uninit   0x005011     0x1  init.o [3]
  .near.noinit       uninit   0x005012     0x1  init.o [3]
  .near.noinit       uninit   0x005013     0x1  init.o [3]
                            - 0x005014     0x3

"A2":                                     0x80
  INTVEC                      0x008000    0x80  <Block>
    .intvec          const    0x008000    0x80  interrupt.o [5]
                            - 0x008080    0x80

"P3-P5":                                0x1eae
  .far_func.text     ro code  0x008080   0x286  main.o [3]
  .far_func.text     ro code  0x008306   0x1dc  float.o [5]
  .far_func.text     ro code  0x0084e2   0x1ab  stm8s_it.o [3]
  .far_func.text     ro code  0x00868d   0x17a  key.o [3]
  .far_func.text     ro code  0x008807   0x174  key.o [3]
  .far_func.text     ro code  0x00897b   0x146  init.o [3]
  .far_func.text     ro code  0x008ac1   0x139  key.o [3]
  .far_func.text     ro code  0x008bfa   0x114  vreg_util.o [5]
  .far_func.text     ro code  0x008d0e   0x112  stm8s_gpio.o [2]
  .far_func.text     ro code  0x008e20    0xd0  key.o [3]
  .far_func.text     ro code  0x008ef0    0xcb  tm1650.o [3]
  .far_func.text     ro code  0x008fbb    0xb3  stm8s_tim2.o [2]
  .far_func.text     ro code  0x00906e    0xb3  stm8s_tim2.o [2]
  .far_func.text     ro code  0x009121    0xa9  flash.o [3]
  .far_func.text     ro code  0x0091ca    0x99  stm8s_tim1.o [2]
  .far_func.text     ro code  0x009263    0x7e  stm8s_flash.o [2]
  .far_func.text     ro code  0x0092e1    0x7b  ds18b20.o [3]
  .far_func.text     ro code  0x00935c    0x75  flash.o [3]
  .far_func.text     ro code  0x0093d1    0x67  ds18b20.o [3]
  .far_func.text     ro code  0x009438    0x64  stm8s_tim1.o [2]
  .far_func.text     ro code  0x00949c    0x60  stm8s_flash.o [2]
  .far_func.text     ro code  0x0094fc    0x5d  ds18b20.o [3]
  .far_func.text     ro code  0x009559    0x59  stm8s_tim2.o [2]
  .far_func.text     ro code  0x0095b2    0x57  tm1650.o [3]
  .far_func.text     ro code  0x009609    0x56  stm8s_flash.o [2]
  .far_func.text     ro code  0x00965f    0x54  stm8s_tim4.o [2]
  .far_func.text     ro code  0x0096b3    0x50  stm8s_tim1.o [2]
  .far_func.text     ro code  0x009703    0x4f  stm8s_delay.o [3]
  .far_func.text     ro code  0x009752    0x4b  ds18b20.o [3]
  .far_func.text     ro code  0x00979d    0x4a  tm1650.o [3]
  .far_func.text     ro code  0x0097e7    0x4a  tm1650.o [3]
  .far_func.text     ro code  0x009831    0x46  flash.o [3]
  .far_func.text     ro code  0x009877    0x40  flash.o [3]
  .far_func.text     ro code  0x0098b7    0x3f  ds18b20.o [3]
  .far_func.text     ro code  0x0098f6    0x3c  stm8s_flash.o [2]
  Initializer bytes  const    0x009932    0x3a  <for P2-1>
  .far_func.text     ro code  0x00996c    0x39  flash.o [3]
  .far_func.text     ro code  0x0099a5    0x39  flash.o [3]
  .far_func.text     ro code  0x0099de    0x39  flash.o [3]
  .far_func.text     ro code  0x009a17    0x37  flash.o [3]
  .far_func.text     ro code  0x009a4e    0x37  flash.o [3]
  .far_func.text     ro code  0x009a85    0x37  flash.o [3]
  .far_func.text     ro code  0x009abc    0x37  tm1650.o [3]
  .far_func.text     ro code  0x009af3    0x37  long.o [5]
  .far_func.text     ro code  0x009b2a    0x34  stm8s_tim4.o [2]
  .far_func.text     ro code  0x009b5e    0x30  stm8s_tim1.o [2]
  .far_func.text     ro code  0x009b8e    0x30  stm8s_tim1.o [2]
  .far_func.text     ro code  0x009bbe    0x30  stm8s_tim2.o [2]
  .far_func.text     ro code  0x009bee    0x30  stm8s_tim4.o [2]
  .far_func.text     ro code  0x009c1e    0x2c  stm8s_flash.o [2]
  .far_func.text     ro code  0x009c4a    0x2c  stm8s_delay.o [3]
  .far_func.text     ro code  0x009c76    0x2c  dc_util.o [5]
  .far_func.text     ro code  0x009ca2    0x29  short.o [5]
  .far_func.text     ro code  0x009ccb    0x28  init_small.o [5]
  .far_func.text     ro code  0x009cf3    0x27  tm1650.o [3]
  .far_func.text     ro code  0x009d1a    0x25  tm1650.o [3]
  .far_func.text     ro code  0x009d3f    0x24  stm8s_tim4.o [2]
  .far_func.text     ro code  0x009d63    0x22  stm8s_tim1.o [2]
  .iar.init_table    const    0x009d85     0xb  - Linker created -
  .far_func.text     ro code  0x009d90    0x1e  tm1650.o [3]
  .far_func.text     ro code  0x009dae    0x1e  init.o [5]
  .far_func.text     ro code  0x009dcc    0x19  stm8s_tim4.o [2]
  .far_func.text     ro code  0x009de5    0x18  stm8s_flash.o [2]
  .far_func.text     ro code  0x009dfd    0x17  cstartup.o [5]
  .far_func.text     ro code  0x009e14    0x16  __dbg_xxexit.o [4]
  .near.rodata       const    0x009e2a    0x16  stm8s_flash.o [2]
  .near.rodata       const    0x009e40    0x15  stm8s_gpio.o [2]
  .near.rodata       const    0x009e55    0x15  stm8s_tim1.o [2]
  .near.rodata       const    0x009e6a    0x15  stm8s_tim2.o [2]
  .near.rodata       const    0x009e7f    0x15  stm8s_tim4.o [2]
  .far_func.text     ro code  0x009e94    0x11  tm1650.o [3]
  .far_func.text     ro code  0x009ea5    0x10  stm8s_tim2.o [2]
  .far_func.text     ro code  0x009eb5     0xe  far_util.o [5]
  .far_func.text     ro code  0x009ec3     0xd  ds18b20.o [3]
  .far_func.text     ro code  0x009ed0     0x9  stm8s_tim2.o [2]
  .far_func.text     ro code  0x009ed9     0x9  stm8s_tim2.o [2]
  .far_func.text     ro code  0x009ee2     0x9  tm1650.o [3]
  .far_func.text     ro code  0x009eeb     0x8  stm8s_gpio.o [2]
  .far_func.text     ro code  0x009ef3     0x7  stm8s_gpio.o [2]
  .far_func.text     ro code  0x009efa     0x7  stm8s_gpio.o [2]
  .far_func.text     ro code  0x009f01     0x6  cexit.o [5]
  .far_func.text     ro code  0x009f07     0x4  stm8s_tim4.o [2]
  .far_func.text     ro code  0x009f0b     0x4  interrupt.o [5]
  .far_func.text     ro code  0x009f0f     0x4  exit.o [5]
  .far_func.text     ro code  0x009f13     0x3  low_level_init.o [5]
  .far_func.text     ro code  0x009f16     0x3  unhandled_exception.o [5]
  .far_func.text     ro code  0x009f19     0x1  main.o [3]
  .far_func.text     ro code  0x009f1a     0x1  stm8s_it.o [3]
  .far_func.text     ro code  0x009f1b     0x1  stm8s_it.o [3]
  .far_func.text     ro code  0x009f1c     0x1  stm8s_it.o [3]
  .far_func.text     ro code  0x009f1d     0x1  stm8s_it.o [3]
  .far_func.text     ro code  0x009f1e     0x1  stm8s_it.o [3]
  .far_func.text     ro code  0x009f1f     0x1  stm8s_it.o [3]
  .far_func.text     ro code  0x009f20     0x1  stm8s_it.o [3]
  .far_func.text     ro code  0x009f21     0x1  stm8s_it.o [3]
  .far_func.text     ro code  0x009f22     0x1  stm8s_it.o [3]
  .far_func.text     ro code  0x009f23     0x1  stm8s_it.o [3]
  .far_func.text     ro code  0x009f24     0x1  stm8s_it.o [3]
  .far_func.text     ro code  0x009f25     0x1  stm8s_it.o [3]
  .far_func.text     ro code  0x009f26     0x1  stm8s_it.o [3]
  .far_func.text     ro code  0x009f27     0x1  stm8s_it.o [3]
  .far_func.text     ro code  0x009f28     0x1  stm8s_it.o [3]
  .far_func.text     ro code  0x009f29     0x1  stm8s_it.o [3]
  .far_func.text     ro code  0x009f2a     0x1  stm8s_it.o [3]
  .far_func.text     ro code  0x009f2b     0x1  stm8s_it.o [3]
  .far_func.text     ro code  0x009f2c     0x1  stm8s_it.o [3]
  .far_func.text     ro code  0x009f2d     0x1  __dbg_break.o [4]
                            - 0x009f2e  0x1eae


*******************************************************************************
*** INIT TABLE
***

          Address   Size
          -------   ----
Copy (__iar_copy_init2)
    1 source range, total size 0x3a:
          0x009932  0x3a
    1 destination range, total size 0x3a:
          0x000010  0x3a



*******************************************************************************
*** MODULE SUMMARY
***

    Module                 ro code  ro data  rw data  rw data
                                                       (abs)
    ------                 -------  -------  -------  -------
command line: [1]
    ---------------------------------------------------------
    Total:

e:\Nas\电路\保温箱\YZW-S803-EE22\C2\build\Debug\.obj\Lib\C: [2]
    stm8s_flash.o              436       22
    stm8s_gpio.o               296       21
    stm8s_tim1.o               463       21
    stm8s_tim2.o               529       21
    stm8s_tim4.o               249       21
    ---------------------------------------------------------
    Total:                   1 973      106

e:\Nas\电路\保温箱\YZW-S803-EE22\C2\build\Debug\.obj\User: [3]
    ds18b20.o                  470                          1
    flash.o                    756
    init.o                     326                         13
    key.o                    1 271        5        5
    main.o                     647       32       32        3
    stm8s_delay.o              123
    stm8s_it.o                 446       16       16
    tm1650.o                   625        5        5
    ---------------------------------------------------------
    Total:                   4 664       58       58       17

dbgstm8mmd.a: [4]
    __dbg_break.o                1
    __dbg_xxexit.o              22
    ---------------------------------------------------------
    Total:                      23

dlstm8mmn.a: [5]
    cexit.o                      6
    cstartup.o                  23
    dc_util.o                   44
    exit.o                       4
    far_util.o                  14
    float.o                    476
    init.o                      30
    init_small.o                40
    interrupt.o                  4      128
    long.o                      55
    low_level_init.o             3
    short.o                     41
    unhandled_exception.o        3
    vreg_util.o                276
    vregs.o                                       16
    ---------------------------------------------------------
    Total:                   1 019      128       16

    Linker created                       11      512
-------------------------------------------------------------
    Grand Total:             7 679      303      586       17


*******************************************************************************
*** ENTRY LIST
***

Entry                    Address   Size  Type      Object
-----                    -------   ----  ----      ------
.iar.init_table$$Base   0x009d85          --   Gb  - Linker created -
.iar.init_table$$Limit  0x009d90          --   Gb  - Linker created -
?b0                     0x000000         Data  Gb  vregs.o [5]
?b1                     0x000001         Data  Gb  vregs.o [5]
?b10                    0x00000a         Data  Gb  vregs.o [5]
?b11                    0x00000b         Data  Gb  vregs.o [5]
?b12                    0x00000c         Data  Gb  vregs.o [5]
?b13                    0x00000d         Data  Gb  vregs.o [5]
?b14                    0x00000e         Data  Gb  vregs.o [5]
?b15                    0x00000f         Data  Gb  vregs.o [5]
?b2                     0x000002         Data  Gb  vregs.o [5]
?b3                     0x000003         Data  Gb  vregs.o [5]
?b4                     0x000004         Data  Gb  vregs.o [5]
?b5                     0x000005         Data  Gb  vregs.o [5]
?b6                     0x000006         Data  Gb  vregs.o [5]
?b7                     0x000007         Data  Gb  vregs.o [5]
?b8                     0x000008         Data  Gb  vregs.o [5]
?b9                     0x000009         Data  Gb  vregs.o [5]
?dc32_l1                0x009c76         Code  Gb  dc_util.o [5]
?e0                     0x000001         Data  Gb  vregs.o [5]
?e1                     0x000005         Data  Gb  vregs.o [5]
?e2                     0x000009         Data  Gb  vregs.o [5]
?e3                     0x00000d         Data  Gb  vregs.o [5]
?epilogue_l2            0x008ca6         Code  Gb  vreg_util.o [5]
?epilogue_l2_l3         0x008ca2         Code  Gb  vreg_util.o [5]
?epilogue_l2_w6         0x008cab         Code  Gb  vreg_util.o [5]
?epilogue_w4            0x008cb4         Code  Gb  vreg_util.o [5]
?fcastf32u16_l0_x       0x0083a1         Code  Gb  float.o [5]
?fcasts16f32_x_l0       0x0083bf         Code  Gb  float.o [5]
?fmul32_l0_l0_dc32      0x008306         Code  Gb  float.o [5]
?fmul32_l0_l0_l1        0x00830c         Code  Gb  float.o [5]
?l0                     0x000000         Data  Gb  vregs.o [5]
?l1                     0x000004         Data  Gb  vregs.o [5]
?l2                     0x000008         Data  Gb  vregs.o [5]
?l3                     0x00000c         Data  Gb  vregs.o [5]
?load24_e1_0x           0x009eb5         Code  Gb  far_util.o [5]
?mov_e0_e1              0x008cc3         Code  Gb  vreg_util.o [5]
?mov_e0_e2              0x008cd0         Code  Gb  vreg_util.o [5]
?mov_e0_e3              0x008cdd         Code  Gb  vreg_util.o [5]
?mov_e1_e2              0x008cea         Code  Gb  vreg_util.o [5]
?mov_e2_e0              0x008cf7         Code  Gb  vreg_util.o [5]
?mov_e3_e0              0x008d04         Code  Gb  vreg_util.o [5]
?mov_l0_l1              0x008cc0         Code  Gb  vreg_util.o [5]
?mov_l0_l2              0x008ccd         Code  Gb  vreg_util.o [5]
?mov_l0_l3              0x008cda         Code  Gb  vreg_util.o [5]
?mov_l1_l2              0x008ce7         Code  Gb  vreg_util.o [5]
?mov_l2_l0              0x008cf4         Code  Gb  vreg_util.o [5]
?mov_l3_l0              0x008d01         Code  Gb  vreg_util.o [5]
?mov_w1_w3              0x008cc6         Code  Gb  vreg_util.o [5]
?mov_w1_w5              0x008cd3         Code  Gb  vreg_util.o [5]
?mov_w1_w7              0x008ce0         Code  Gb  vreg_util.o [5]
?mov_w3_w5              0x008ced         Code  Gb  vreg_util.o [5]
?mov_w4_w5              0x008cb9         Code  Gb  vreg_util.o [5]
?mov_w5_w1              0x008cfa         Code  Gb  vreg_util.o [5]
?mov_w7_w1              0x008d07         Code  Gb  vreg_util.o [5]
?or32_l0_l0_0x          0x009af6         Code  Gb  long.o [5]
?or32_l0_l0_l1          0x009af3         Code  Gb  long.o [5]
?pop_l0                 0x008c6a         Code  Gb  vreg_util.o [5]
?pop_l1                 0x008c75         Code  Gb  vreg_util.o [5]
?pop_l2                 0x008c80         Code  Gb  vreg_util.o [5]
?pop_l3                 0x008c8b         Code  Gb  vreg_util.o [5]
?pop_w4                 0x008c1b         Code  Gb  vreg_util.o [5]
?pop_w6                 0x008c22         Code  Gb  vreg_util.o [5]
?push_l0                0x008c35         Code  Gb  vreg_util.o [5]
?push_l1                0x008c3a         Code  Gb  vreg_util.o [5]
?push_l2                0x008c3f         Code  Gb  vreg_util.o [5]
?push_l3                0x008c44         Code  Gb  vreg_util.o [5]
?push_w4                0x008bfa         Code  Gb  vreg_util.o [5]
?push_w6                0x008bff         Code  Gb  vreg_util.o [5]
?sdiv16_x_x_y           0x009ca2         Code  Gb  short.o [5]
?sext32_l0_x            0x009b1f         Code  Gb  long.o [5]
?sll32_0x_0x_a          0x009b11         Code  Gb  long.o [5]
?sll32_l0_l0_a          0x009b0e         Code  Gb  long.o [5]
?smod16_y_x_y           0x009cbb         Code  Gb  short.o [5]
?w0                     0x000000         Data  Gb  vregs.o [5]
?w1                     0x000002         Data  Gb  vregs.o [5]
?w2                     0x000004         Data  Gb  vregs.o [5]
?w3                     0x000006         Data  Gb  vregs.o [5]
?w4                     0x000008         Data  Gb  vregs.o [5]
?w5                     0x00000a         Data  Gb  vregs.o [5]
?w6                     0x00000c         Data  Gb  vregs.o [5]
?w7                     0x00000e         Data  Gb  vregs.o [5]
ADC1_IRQHandler         0x009f2a    0x1  Code  Gb  stm8s_it.o [3]
AWU_IRQHandler          0x009f1c    0x1  Code  Gb  stm8s_it.o [3]
CLK_IRQHandler          0x009f1d    0x1  Code  Gb  stm8s_it.o [3]
CONFIG_LED_STATUS       0x000029    0x1  Data  Gb  key.o [3]
CONFIG_STATUS           0x000031    0x1  Data  Gb  main.o [3]
CSTACK$$Base            0x000200          --   Gb  - Linker created -
CSTACK$$Limit           0x000400          --   Gb  - Linker created -
DS18B20_CONVERT_STATUS  0x000033    0x1  Data  Gb  main.o [3]
DS18B20_Convert_Get_Tem
                        0x0092e1   0x7b  Code  Gb  ds18b20.o [3]
DS18B20_Init            0x0093d1   0x67  Code  Gb  ds18b20.o [3]
DS18B20_R               0x009752   0x4b  Code  Gb  ds18b20.o [3]
DS18B20_Read            0x0098b7   0x3f  Code  Gb  ds18b20.o [3]
DS18B20_W               0x0094fc   0x5d  Code  Gb  ds18b20.o [3]
EEPROM_EEC_IRQHandler   0x009f2c    0x1  Code  Gb  stm8s_it.o [3]
EXTI_PORTA_IRQHandler   0x009f1e    0x1  Code  Gb  stm8s_it.o [3]
EXTI_PORTB_IRQHandler   0x009f1f    0x1  Code  Gb  stm8s_it.o [3]
EXTI_PORTC_IRQHandler   0x009f20    0x1  Code  Gb  stm8s_it.o [3]
EXTI_PORTD_IRQHandler   0x009f21    0x1  Code  Gb  stm8s_it.o [3]
EXTI_PORTE_IRQHandler   0x009f22    0x1  Code  Gb  stm8s_it.o [3]
FAN_PWM_NUM             0x00002e    0x1  Data  Gb  main.o [3]
FLASH_DATA_FAN_PWM_READ
                        0x009877   0x40  Code  Gb  flash.o [3]
FLASH_DATA_FAN_PWM_WRITE
                        0x009831   0x46  Code  Gb  flash.o [3]
FLASH_DATA_HF_STATUS_READ
                        0x0099de   0x39  Code  Gb  flash.o [3]
FLASH_DATA_HF_STATUS_WRITE
                        0x009a17   0x37  Code  Gb  flash.o [3]
FLASH_DATA_LED_STATUS_READ
                        0x00996c   0x39  Code  Gb  flash.o [3]
FLASH_DATA_LED_STATUS_WRITE
                        0x009a4e   0x37  Code  Gb  flash.o [3]
FLASH_DATA_TEM_STATUS_READ
                        0x0099a5   0x39  Code  Gb  flash.o [3]
FLASH_DATA_TEM_STATUS_WRTIE
                        0x009a85   0x37  Code  Gb  flash.o [3]
FLASH_DATA_TEM_SUM_READ
                        0x009121   0xa9  Code  Gb  flash.o [3]
FLASH_DATA_TEM_SUM_WRITE
                        0x00935c   0x75  Code  Gb  flash.o [3]
FLASH_DeInit            0x009de5   0x18  Code  Gb  stm8s_flash.o [2]
FLASH_Lock              0x009c1e   0x2c  Code  Gb  stm8s_flash.o [2]
FLASH_ProgramByte       0x00949c   0x60  Code  Gb  stm8s_flash.o [2]
FLASH_ProgramWord       0x009263   0x7e  Code  Gb  stm8s_flash.o [2]
FLASH_ReadByte          0x009609   0x56  Code  Gb  stm8s_flash.o [2]
FLASH_Unlock            0x0098f6   0x3c  Code  Gb  stm8s_flash.o [2]
GPIO_Init               0x008d0e  0x112  Code  Gb  stm8s_gpio.o [2]
GPIO_ReadInputPin       0x009efa    0x7  Code  Gb  stm8s_gpio.o [2]
GPIO_WriteHigh          0x009ef3    0x7  Code  Gb  stm8s_gpio.o [2]
GPIO_WriteLow           0x009eeb    0x8  Code  Gb  stm8s_gpio.o [2]
HF_STATUS               0x000034    0x1  Data  Gb  main.o [3]
I2C_IRQHandler          0x009f29    0x1  Code  Gb  stm8s_it.o [3]
INTVEC$$Base            0x008000          --   Gb  - Linker created -
INTVEC$$Limit           0x008080          --   Gb  - Linker created -
IT_HF_STATUS            0x000037    0x1  Data  Gb  main.o [3]
IT_TEM_SUB_STATUS       0x000038    0x1  Data  Gb  main.o [3]
IT_TEM_SUB_STATUS_M     0x000039    0x1  Data  Gb  main.o [3]
KEY_DOWN                0x000028    0x1  Data  Gb  key.o [3]
KEY_TYPE                0x000010    0x1  Data  Gb  key.o [3]
LED7CodeL               0x000011   0x12  Data  Gb  main.o [3]
LED_STATUS              0x00002f    0x1  Data  Gb  main.o [3]
MSD_STATUS              0x000035    0x1  Data  Gb  main.o [3]
MSD_TIME_STATUS         0x000036    0x1  Data  Gb  main.o [3]
Region$$Table$$Base     0x009d85          --   Gb  - Linker created -
Region$$Table$$Limit    0x009d90          --   Gb  - Linker created -
SPI_IRQHandler          0x009f23    0x1  Code  Gb  stm8s_it.o [3]
SYSTEM_RUN              0x000032    0x1  Data  Gb  main.o [3]
TEM_STATUS              0x000030    0x1  Data  Gb  main.o [3]
TEM_SUM                 0x00002c    0x2  Data  Gb  main.o [3]
TIM1_ARRPreloadConfig   0x009b8e   0x30  Code  Gb  stm8s_tim1.o [2]
TIM1_CAP_COM_IRQHandler
                        0x009f24    0x1  Code  Gb  stm8s_it.o [3]
TIM1_ClearITPendingBit  0x009d63   0x22  Code  Gb  stm8s_tim1.o [2]
TIM1_Cmd                0x009b5e   0x30  Code  Gb  stm8s_tim1.o [2]
TIM1_DeInit             0x0091ca   0x99  Code  Gb  stm8s_tim1.o [2]
TIM1_ITConfig           0x0096b3   0x50  Code  Gb  stm8s_tim1.o [2]
TIM1_TimeBaseInit       0x009438   0x64  Code  Gb  stm8s_tim1.o [2]
TIM1_UPD_OVF_TRG_BRK_IRQHandler
                        0x0084e2  0x1ab  Code  Gb  stm8s_it.o [3]
TIM1_UPD_OVF_TRG_BRK_IRQHandler::CONFIG_TIME
                        0x00003e    0x2  Data  Lc  stm8s_it.o [3]
TIM1_UPD_OVF_TRG_BRK_IRQHandler::DS18B20_CONVERT_TIME
                        0x00003c    0x2  Data  Lc  stm8s_it.o [3]
TIM1_UPD_OVF_TRG_BRK_IRQHandler::HF_TIME_H
                        0x000047    0x1  Data  Lc  stm8s_it.o [3]
TIM1_UPD_OVF_TRG_BRK_IRQHandler::HF_TIME_M
                        0x000046    0x1  Data  Lc  stm8s_it.o [3]
TIM1_UPD_OVF_TRG_BRK_IRQHandler::HF_TIME_S
                        0x000042    0x2  Data  Lc  stm8s_it.o [3]
TIM1_UPD_OVF_TRG_BRK_IRQHandler::KEY_DOWN_TIME
                        0x000040    0x2  Data  Lc  stm8s_it.o [3]
TIM1_UPD_OVF_TRG_BRK_IRQHandler::LED_PWM
                        0x00003b    0x1  Data  Lc  stm8s_it.o [3]
TIM1_UPD_OVF_TRG_BRK_IRQHandler::LED_PWM_TIME
                        0x00003a    0x1  Data  Lc  stm8s_it.o [3]
TIM1_UPD_OVF_TRG_BRK_IRQHandler::TEM_SUB_TIME_S
                        0x000044    0x2  Data  Lc  stm8s_it.o [3]
TIM1_UPD_OVF_TRG_BRK_IRQHandler::bol_Config_LED_status
                        0x000048    0x1  Data  Lc  stm8s_it.o [3]
TIM1_UPD_OVF_TRG_BRK_IRQHandler::the_tem_sub_status
                        0x000049    0x1  Data  Lc  stm8s_it.o [3]
TIM2_CAP_COM_IRQHandler
                        0x009f26    0x1  Code  Gb  stm8s_it.o [3]
TIM2_Cmd                0x009bbe   0x30  Code  Gb  stm8s_tim2.o [2]
TIM2_DeInit             0x009559   0x59  Code  Gb  stm8s_tim2.o [2]
TIM2_OC1Init            0x008fbb   0xb3  Code  Gb  stm8s_tim2.o [2]
TIM2_OC3Init            0x00906e   0xb3  Code  Gb  stm8s_tim2.o [2]
TIM2_SetCompare1        0x009ed0    0x9  Code  Gb  stm8s_tim2.o [2]
TIM2_SetCompare3        0x009ed9    0x9  Code  Gb  stm8s_tim2.o [2]
TIM2_TimeBaseInit       0x009ea5   0x10  Code  Gb  stm8s_tim2.o [2]
TIM2_UPD_OVF_BRK_IRQHandler
                        0x009f25    0x1  Code  Gb  stm8s_it.o [3]
TIM4_ClearFlag          0x009d3f   0x24  Code  Gb  stm8s_tim4.o [2]
TIM4_Cmd                0x009bee   0x30  Code  Gb  stm8s_tim4.o [2]
TIM4_DeInit             0x009dcc   0x19  Code  Gb  stm8s_tim4.o [2]
TIM4_GetFlagStatus      0x009b2a   0x34  Code  Gb  stm8s_tim4.o [2]
TIM4_SetCounter         0x009f07    0x4  Code  Gb  stm8s_tim4.o [2]
TIM4_TimeBaseInit       0x00965f   0x54  Code  Gb  stm8s_tim4.o [2]
TIM4_UPD_OVF_IRQHandler
                        0x009f2b    0x1  Code  Gb  stm8s_it.o [3]
TLI_IRQHandler          0x009f1b    0x1  Code  Gb  stm8s_it.o [3]
TRAP_IRQHandler         0x009f1a    0x1  Code  Gb  stm8s_it.o [3]
UART1_RX_IRQHandler     0x009f28    0x1  Code  Gb  stm8s_it.o [3]
UART1_TX_IRQHandler     0x009f27    0x1  Code  Gb  stm8s_it.o [3]
_A_PA_CR1               0x005003    0x1  Data  Gb  init.o [3]
_A_PA_CR2               0x005004    0x1  Data  Gb  init.o [3]
_A_PA_DDR               0x005002    0x1  Data  Gb  init.o [3]
_A_PA_ODR               0x005000    0x1  Data  Gb  main.o [3]
_A_PB_CR1               0x005008    0x1  Data  Gb  init.o [3]
_A_PB_CR2               0x005009    0x1  Data  Gb  init.o [3]
_A_PB_DDR               0x005007    0x1  Data  Gb  init.o [3]
_A_PB_ODR               0x005005    0x1  Data  Gb  init.o [3]
_A_PC_CR1               0x00500d    0x1  Data  Gb  init.o [3]
_A_PC_CR2               0x00500e    0x1  Data  Gb  init.o [3]
_A_PC_DDR               0x00500c    0x1  Data  Gb  init.o [3]
_A_PC_IDR               0x00500b    0x1  Data  Gb  ds18b20.o [3]
_A_PC_ODR               0x00500a    0x1  Data  Gb  main.o [3]
_A_PD_CR1               0x005012    0x1  Data  Gb  init.o [3]
_A_PD_CR2               0x005013    0x1  Data  Gb  init.o [3]
_A_PD_DDR               0x005011    0x1  Data  Gb  init.o [3]
_A_PD_ODR               0x00500f    0x1  Data  Gb  main.o [3]
__DebugBreak            0x009f2d    0x1  Code  Gb  __dbg_break.o [4]
__exit                  0x009e14   0x16  Code  Gb  __dbg_xxexit.o [4]
__iar_copy_init2        0x009ccb         Code  Gb  init_small.o [5]
__iar_data_init2        0x009dae   0x1e  Code  Gb  init.o [5]
__iar_program_start     0x009dfd         Code  Gb  cstartup.o [5]
__iar_unhandled_exception
                        0x009f16         Code  Gb  unhandled_exception.o [5]
__intvec                0x008000         Data  Gb  interrupt.o [5]
__low_level_init        0x009f13    0x3  Code  Gb  low_level_init.o [5]
_exit                   0x009f01         Code  Gb  cexit.o [5]
_interrupt_1            0x009f1a         Code  Gb  stm8s_it.o [3]
_interrupt_12           0x009f23         Code  Gb  stm8s_it.o [3]
_interrupt_13           0x0084e2         Code  Gb  stm8s_it.o [3]
_interrupt_14           0x009f24         Code  Gb  stm8s_it.o [3]
_interrupt_15           0x009f25         Code  Gb  stm8s_it.o [3]
_interrupt_16           0x009f26         Code  Gb  stm8s_it.o [3]
_interrupt_19           0x009f27         Code  Gb  stm8s_it.o [3]
_interrupt_2            0x009f1b         Code  Gb  stm8s_it.o [3]
_interrupt_20           0x009f28         Code  Gb  stm8s_it.o [3]
_interrupt_21           0x009f29         Code  Gb  stm8s_it.o [3]
_interrupt_24           0x009f2a         Code  Gb  stm8s_it.o [3]
_interrupt_25           0x009f2b         Code  Gb  stm8s_it.o [3]
_interrupt_26           0x009f2c         Code  Gb  stm8s_it.o [3]
_interrupt_3            0x009f1c         Code  Gb  stm8s_it.o [3]
_interrupt_4            0x009f1d         Code  Gb  stm8s_it.o [3]
_interrupt_5            0x009f1e         Code  Gb  stm8s_it.o [3]
_interrupt_6            0x009f1f         Code  Gb  stm8s_it.o [3]
_interrupt_7            0x009f20         Code  Gb  stm8s_it.o [3]
_interrupt_8            0x009f21         Code  Gb  stm8s_it.o [3]
_interrupt_9            0x009f22         Code  Gb  stm8s_it.o [3]
ack                     0x00979d   0x4a  Code  Gb  tm1650.o [3]
assert_failed           0x009f19    0x1  Code  Gb  main.o [3]
btn_down                0x008807  0x174  Code  Gb  key.o [3]
btn_down{1}{2}{3}{4}{7}{8}{9}{10}{11}{12}{13}{14}{15}{16}{17}{18}::i
                        0x00002b    0x1  Data  Lc  key.o [3]
config_fan              0x00868d  0x17a  Code  Gb  key.o [3]
config_hf               0x008e20   0xd0  Code  Gb  key.o [3]
config_tem              0x008ac1  0x139  Code  Gb  key.o [3]
delay_ms                0x009703   0x4f  Code  Gb  stm8s_delay.o [3]
delay_us                0x009c4a   0x2c  Code  Gb  stm8s_delay.o [3]
ds18b20_Conver          0x009ec3    0xd  Code  Gb  ds18b20.o [3]
exit                    0x009f0f    0x4  Code  Gb  exit.o [5]
init                    0x00897b  0x146  Code  Gb  init.o [3]
main                    0x008080  0x286  Code  Gb  main.o [3]
syswhile                0x00002a    0x1  Data  Gb  key.o [3]
tm1650R                 0x0095b2   0x57  Code  Gb  tm1650.o [3]
tm1650W                 0x0097e7   0x4a  Code  Gb  tm1650.o [3]
tm1650_addrs            0x000024    0x4  Data  Gb  tm1650.o [3]
tm1650_displayInit      0x009abc   0x37  Code  Gb  tm1650.o [3]
tm1650_displayOff       0x009ee2    0x9  Code  Gb  tm1650.o [3]
tm1650_displayOn        0x009e94   0x11  Code  Gb  tm1650.o [3]
tm1650_displayW         0x008ef0   0xcb  Code  Gb  tm1650.o [3]
tm1650_displaykeyR      0x009d1a   0x25  Code  Gb  tm1650.o [3]
tm1650_level            0x000023    0x1  Data  Gb  tm1650.o [3]
tm1650_start            0x009cf3   0x27  Code  Gb  tm1650.o [3]
tm1650_stop             0x009d90   0x1e  Code  Gb  tm1650.o [3]


[1] = command line
[2] = e:\Nas\电路\保温箱\YZW-S803-EE22\C2\build\Debug\.obj\Lib\C
[3] = e:\Nas\电路\保温箱\YZW-S803-EE22\C2\build\Debug\.obj\User
[4] = dbgstm8mmd.a
[5] = dlstm8mmn.a

  7 679 bytes of readonly  code memory
    303 bytes of readonly  data memory
    586 bytes of readwrite data memory (+ 17 absolute)

Errors: none
Warnings: none
