###############################################################################
#
# IAR ELF Linker V3.11.1.207 for STM8                     28/Dec/2023  20:59:22
# Copyright 2010-2019 IAR Systems AB.
#
#    Output file  =  E:\Nas\电路\保温箱\YZW-S8-EE22(Rev1.0)\C\Out\Exe\PRO.out
#    Map file     =  E:\Nas\电路\保温箱\YZW-S8-EE22(Rev1.0)\C\Out\List\PRO.map
#    Command line =  
#        -f C:\Users\Administrator\AppData\Local\Temp\EW6E6.tmp
#        ("E:\Nas\电路\保温箱\YZW-S8-EE22(Rev1.0)\C\Out\Obj\DS18B20.o"
#        "E:\Nas\电路\保温箱\YZW-S8-EE22(Rev1.0)\C\Out\Obj\initiall.o"
#        "E:\Nas\电路\保温箱\YZW-S8-EE22(Rev1.0)\C\Out\Obj\main.o"
#        "E:\Nas\电路\保温箱\YZW-S8-EE22(Rev1.0)\C\Out\Obj\stm8s_adc1.o"
#        "E:\Nas\电路\保温箱\YZW-S8-EE22(Rev1.0)\C\Out\Obj\stm8s_awu.o"
#        "E:\Nas\电路\保温箱\YZW-S8-EE22(Rev1.0)\C\Out\Obj\stm8s_beep.o"
#        "E:\Nas\电路\保温箱\YZW-S8-EE22(Rev1.0)\C\Out\Obj\stm8s_clk.o"
#        "E:\Nas\电路\保温箱\YZW-S8-EE22(Rev1.0)\C\Out\Obj\stm8s_delay.o"
#        "E:\Nas\电路\保温箱\YZW-S8-EE22(Rev1.0)\C\Out\Obj\stm8s_exti.o"
#        "E:\Nas\电路\保温箱\YZW-S8-EE22(Rev1.0)\C\Out\Obj\stm8s_flash.o"
#        "E:\Nas\电路\保温箱\YZW-S8-EE22(Rev1.0)\C\Out\Obj\stm8s_gpio.o"
#        "E:\Nas\电路\保温箱\YZW-S8-EE22(Rev1.0)\C\Out\Obj\stm8s_i2c.o"
#        "E:\Nas\电路\保温箱\YZW-S8-EE22(Rev1.0)\C\Out\Obj\stm8s_it.o"
#        "E:\Nas\电路\保温箱\YZW-S8-EE22(Rev1.0)\C\Out\Obj\stm8s_itc.o"
#        "E:\Nas\电路\保温箱\YZW-S8-EE22(Rev1.0)\C\Out\Obj\stm8s_iwdg.o"
#        "E:\Nas\电路\保温箱\YZW-S8-EE22(Rev1.0)\C\Out\Obj\stm8s_rst.o"
#        "E:\Nas\电路\保温箱\YZW-S8-EE22(Rev1.0)\C\Out\Obj\stm8s_spi.o"
#        "E:\Nas\电路\保温箱\YZW-S8-EE22(Rev1.0)\C\Out\Obj\stm8s_tim1.o"
#        "E:\Nas\电路\保温箱\YZW-S8-EE22(Rev1.0)\C\Out\Obj\stm8s_tim2.o"
#        "E:\Nas\电路\保温箱\YZW-S8-EE22(Rev1.0)\C\Out\Obj\stm8s_tim4.o"
#        "E:\Nas\电路\保温箱\YZW-S8-EE22(Rev1.0)\C\Out\Obj\stm8s_uart1.o"
#        "E:\Nas\电路\保温箱\YZW-S8-EE22(Rev1.0)\C\Out\Obj\stm8s_wwdg.o"
#        "E:\Nas\电路\保温箱\YZW-S8-EE22(Rev1.0)\C\Out\Obj\tm1650.o" --redirect
#        _Printf=_PrintfSmall --redirect _Scanf=_ScanfSmall --no_out_extension
#        -o "E:\Nas\电路\保温箱\YZW-S8-EE22(Rev1.0)\C\Out\Exe\PRO.out" --map
#        "E:\Nas\电路\保温箱\YZW-S8-EE22(Rev1.0)\C\Out\List\PRO.map" --config
#        D:\IAR\STM8\stm8\config\lnkstm8s003f3.icf --config_def
#        _CSTACK_SIZE=0x100 --config_def _HEAP_SIZE=0x100 --entry
#        __iar_program_start --debug_lib)
#
###############################################################################

*******************************************************************************
*** RUNTIME MODEL ATTRIBUTES
***

__SystemLibrary            = DLib
__code_model               = medium_or_large
__core                     = stm8
__data_model               = medium
__dlib_file_descriptor     = 0
__dlib_full_locale_support = 0
__rt_version               = 4


*******************************************************************************
*** PLACEMENT SUMMARY
***

"A0":  place at start of [0x000000-0x0000ff] { rw section .vregs };
"A1":  place at end of [0x000000-0x0003ff] { block CSTACK };
"P2":  place in [from 0x000000 to 0x0003ff] {
          block HEAP, rw section __DLIB_PERTHREAD, rw section .far.bss,
          rw section .far.data, rw section .far.noinit,
          rw section .far_func.textrw, rw section .huge.bss,
          rw section .huge.data, rw section .huge.noinit,
          rw section .huge_func.textrw, rw section .iar.dynexit,
          rw section .near.bss, rw section .near.data, rw section .near.noinit,
          rw section .near_func.textrw };
"A2":  place at start of [0x008000-0x009fff] { block INTVEC };
"P3":  place in [from 0x008000 to 0x009fff] {
          ro section __DLIB_PERTHREAD_init, ro section .far.data_init,
          ro section .far_func.textrw_init, ro section .huge.data_init,
          ro section .huge_func.textrw_init, ro section .iar.init_table,
          ro section .init_array, ro section .near.data_init,
          ro section .near.rodata, ro section .near_func.text,
          ro section .near_func.textrw_init, ro section .tiny.data_init,
          ro section .tiny.rodata_init };
"P4":  place in [from 0x008000 to 0x009fff] {
          ro section .far.rodata, ro section .far_func.text };
"P5":  place in [from 0x008000 to 0x009fff] {
          ro section .huge.rodata, ro section .huge_func.text };
do not initialize {
   rw section .eeprom.noinit, rw section .far.noinit, rw section .huge.noinit,
   rw section .near.noinit, rw section .tiny.noinit, rw section .vregs };
initialize by copy {
   rw section .far.bss, rw section .far.data, rw section .far_func.textrw,
   rw section .huge.bss, rw section .huge.data, rw section .huge_func.textrw,
   rw section .iar.dynexit, rw section .near.bss, rw section .near.data,
   rw section .near_func.textrw, rw section .tiny.bss, rw section .tiny.data,
   ro section .tiny.rodata };

No sections matched the following patterns:

  ro section .far.data_init          in "P3-P5"
  ro section .far.rodata             in "P3-P5"
  ro section .far_func.textrw_init   in "P3-P5"
  ro section .huge.data_init         in "P3-P5"
  ro section .huge.rodata            in "P3-P5"
  ro section .huge_func.text         in "P3-P5"
  ro section .huge_func.textrw_init  in "P3-P5"
  ro section .iar.init_table         in "P3-P5"
  ro section .init_array             in "P3-P5"
  ro section .near_func.text         in "P3-P5"
  ro section .near_func.textrw_init  in "P3-P5"
  ro section .tiny.data_init         in "P3-P5"
  ro section .tiny.rodata_init       in "P3-P5"
  ro section __DLIB_PERTHREAD_init   in "P3-P5"
  rw section .far.bss                in "P2"
  rw section .far.data               in "P2"
  rw section .far.noinit             in "P2"
  rw section .far_func.textrw        in "P2"
  rw section .huge.bss               in "P2"
  rw section .huge.data              in "P2"
  rw section .huge.noinit            in "P2"
  rw section .huge_func.textrw       in "P2"
  rw section .iar.dynexit            in "P2"
  rw section .near.noinit            in "P2"
  rw section .near_func.textrw       in "P2"
  rw section .tiny.bss               in "P1"
  rw section .tiny.data              in "P1"
  rw section .tiny.noinit            in "P1"
  rw section .tiny.rodata            in "P1"
  rw section __DLIB_PERTHREAD        in "P2"
  section .eeprom.data               in "P6-P8"
  section .eeprom.noinit             in "P6-P8"
  section .eeprom.rodata             in "P6-P8"


  Section            Kind      Address   Size  Object
  -------            ----      -------   ----  ------
"A0":                                    0x10
  .vregs             uninit   0x000000   0x10  vregs.o [4]
                            - 0x000010   0x10

"P2":                                     0xe
  P2-1                        0x000010    0xe  <Init block>
    .near.data       inited   0x000010    0x1  main.o [1]
    .near.data       inited   0x000011    0x1  tm1650.o [1]
    .near.data       inited   0x000012    0x4  tm1650.o [1]
    .near.bss        inited   0x000016    0x1  main.o [1]
    .near.bss        inited   0x000017    0x1  main.o [1]
    .near.bss        inited   0x000018    0x1  main.o [1]
    .near.bss        inited   0x000019    0x1  stm8s_it.o [1]
    .near.bss        inited   0x00001a    0x1  stm8s_it.o [1]
    .near.bss        inited   0x00001b    0x1  stm8s_it.o [1]
    .near.bss        inited   0x00001c    0x2  stm8s_it.o [1]
                            - 0x00001e    0xe

"A1":                                   0x100
  CSTACK                      0x000300  0x100  <Block>
    CSTACK           uninit   0x000300  0x100  <Block tail>
                            - 0x000400  0x100

"A2":                                    0x80
  INTVEC                      0x008000   0x80  <Block>
    .intvec          const    0x008000   0x80  interrupt.o [4]
                            - 0x008080   0x80

"P3-P5":                                0xc29
  .far_func.text     ro code  0x008080   0xe9  initiall.o [1]
  .far_func.text     ro code  0x008169   0xd9  tm1650.o [1]
  .far_func.text     ro code  0x008242   0xb8  vreg_util.o [4]
  .far_func.text     ro code  0x0082fa   0xb5  stm8s_gpio.o [1]
  .far_func.text     ro code  0x0083af   0x99  stm8s_tim1.o [1]
  .far_func.text     ro code  0x008448   0x84  stm8s_it.o [1]
  .far_func.text     ro code  0x0084cc   0x79  stm8s_tim2.o [1]
  .far_func.text     ro code  0x008545   0x59  stm8s_tim2.o [1]
  .far_func.text     ro code  0x00859e   0x4e  stm8s_tim1.o [1]
  .far_func.text     ro code  0x0085ec   0x49  tm1650.o [1]
  .far_func.text     ro code  0x008635   0x43  tm1650.o [1]
  .far_func.text     ro code  0x008678   0x3d  stm8s_tim4.o [1]
  .far_func.text     ro code  0x0086b5   0x3c  stm8s_delay.o [1]
  .near.rodata       const    0x0086f1   0x3c  stm8s_gpio.o [1]
  .near.rodata       const    0x00872d   0x3c  stm8s_tim1.o [1]
  .near.rodata       const    0x008769   0x3c  stm8s_tim2.o [1]
  .near.rodata       const    0x0087a5   0x3c  stm8s_tim4.o [1]
  .far_func.text     ro code  0x0087e1   0x3b  stm8s_delay.o [1]
  .near.rodata       const    0x00881c   0x3b  stm8s_clk.o [1]
  .far_func.text     ro code  0x008857   0x37  main.o [1]
  .far_func.text     ro code  0x00888e   0x37  stm8s_tim1.o [1]
  .far_func.text     ro code  0x0088c5   0x36  stm8s_clk.o [1]
  .far_func.text     ro code  0x0088fb   0x36  tm1650.o [1]
  .far_func.text     ro code  0x008931   0x2e  stm8s_clk.o [1]
  .far_func.text     ro code  0x00895f   0x28  init_small.o [4]
  .far_func.text     ro code  0x008987   0x23  stm8s_tim4.o [1]
  .iar.init_table    const    0x0089aa    0xb  - Linker created -
  .far_func.text     ro code  0x0089b5   0x1e  init.o [4]
  .far_func.text     ro code  0x0089d3   0x1c  tm1650.o [1]
  .far_func.text     ro code  0x0089ef   0x1b  tm1650.o [1]
  .far_func.text     ro code  0x008a0a   0x1a  stm8s_tim4.o [1]
  .far_func.text     ro code  0x008a24   0x19  stm8s_tim1.o [1]
  .far_func.text     ro code  0x008a3d   0x19  long.o [4]
  .far_func.text     ro code  0x008a56   0x18  stm8s_delay.o [1]
  .far_func.text     ro code  0x008a6e   0x18  stm8s_flash.o [1]
  .far_func.text     ro code  0x008a86   0x17  stm8s_clk.o [1]
  .far_func.text     ro code  0x008a9d   0x17  stm8s_clk.o [1]
  .far_func.text     ro code  0x008ab4   0x17  stm8s_clk.o [1]
  .far_func.text     ro code  0x008acb   0x17  stm8s_clk.o [1]
  .far_func.text     ro code  0x008ae2   0x17  stm8s_tim1.o [1]
  .far_func.text     ro code  0x008af9   0x17  stm8s_tim1.o [1]
  .far_func.text     ro code  0x008b10   0x17  stm8s_tim2.o [1]
  .far_func.text     ro code  0x008b27   0x17  stm8s_tim4.o [1]
  .far_func.text     ro code  0x008b3e   0x17  cstartup.o [4]
  .far_func.text     ro code  0x008b55   0x16  __dbg_xxexit.o [3]
  .far_func.text     ro code  0x008b6b   0x12  stm8s_gpio.o [1]
  .far_func.text     ro code  0x008b7d    0xf  stm8s_tim2.o [1]
  .far_func.text     ro code  0x008b8c    0xe  far_util.o [4]
  Initializer bytes  const    0x008b9a    0xe  <for P2-1>
  .far_func.text     ro code  0x008ba8    0xd  stm8s_tim2.o [1]
  .far_func.text     ro code  0x008bb5    0xc  initiall.o [1]
  .far_func.text     ro code  0x008bc1    0xc  stm8s_clk.o [1]
  .far_func.text     ro code  0x008bcd    0xc  stm8s_gpio.o [1]
  .far_func.text     ro code  0x008bd9    0xc  stm8s_tim1.o [1]
  .far_func.text     ro code  0x008be5    0xc  stm8s_tim2.o [1]
  .far_func.text     ro code  0x008bf1    0xc  stm8s_tim2.o [1]
  .far_func.text     ro code  0x008bfd    0xc  stm8s_tim4.o [1]
  .far_func.text     ro code  0x008c09    0xc  tm1650.o [1]
  .far_func.text     ro code  0x008c15    0xb  stm8s_tim1.o [1]
  .far_func.text     ro code  0x008c20    0xb  stm8s_tim2.o [1]
  .far_func.text     ro code  0x008c2b    0x9  initiall.o [1]
  .far_func.text     ro code  0x008c34    0x9  stm8s_tim1.o [1]
  .far_func.text     ro code  0x008c3d    0x9  stm8s_tim2.o [1]
  .far_func.text     ro code  0x008c46    0x9  stm8s_tim2.o [1]
  .far_func.text     ro code  0x008c4f    0x9  tm1650.o [1]
  .far_func.text     ro code  0x008c58    0x9  tm1650.o [1]
  .far_func.text     ro code  0x008c61    0x8  initiall.o [1]
  .far_func.text     ro code  0x008c69    0x7  stm8s_gpio.o [1]
  .far_func.text     ro code  0x008c70    0x7  stm8s_gpio.o [1]
  .far_func.text     ro code  0x008c77    0x6  cexit.o [4]
  .far_func.text     ro code  0x008c7d    0x4  stm8s_gpio.o [1]
  .far_func.text     ro code  0x008c81    0x4  stm8s_tim4.o [1]
  .far_func.text     ro code  0x008c85    0x4  interrupt.o [4]
  .far_func.text     ro code  0x008c89    0x4  exit.o [4]
  .far_func.text     ro code  0x008c8d    0x3  low_level_init.o [4]
  .far_func.text     ro code  0x008c90    0x3  unhandled_exception.o [4]
  .far_func.text     ro code  0x008c93    0x2  main.o [1]
  .far_func.text     ro code  0x008c95    0x1  stm8s_it.o [1]
  .far_func.text     ro code  0x008c96    0x1  stm8s_it.o [1]
  .far_func.text     ro code  0x008c97    0x1  stm8s_it.o [1]
  .far_func.text     ro code  0x008c98    0x1  stm8s_it.o [1]
  .far_func.text     ro code  0x008c99    0x1  stm8s_it.o [1]
  .far_func.text     ro code  0x008c9a    0x1  stm8s_it.o [1]
  .far_func.text     ro code  0x008c9b    0x1  stm8s_it.o [1]
  .far_func.text     ro code  0x008c9c    0x1  stm8s_it.o [1]
  .far_func.text     ro code  0x008c9d    0x1  stm8s_it.o [1]
  .far_func.text     ro code  0x008c9e    0x1  stm8s_it.o [1]
  .far_func.text     ro code  0x008c9f    0x1  stm8s_it.o [1]
  .far_func.text     ro code  0x008ca0    0x1  stm8s_it.o [1]
  .far_func.text     ro code  0x008ca1    0x1  stm8s_it.o [1]
  .far_func.text     ro code  0x008ca2    0x1  stm8s_it.o [1]
  .far_func.text     ro code  0x008ca3    0x1  stm8s_it.o [1]
  .far_func.text     ro code  0x008ca4    0x1  stm8s_it.o [1]
  .far_func.text     ro code  0x008ca5    0x1  stm8s_it.o [1]
  .far_func.text     ro code  0x008ca6    0x1  stm8s_it.o [1]
  .far_func.text     ro code  0x008ca7    0x1  stm8s_it.o [1]
  .far_func.text     ro code  0x008ca8    0x1  __dbg_break.o [3]
                            - 0x008ca9  0xc29


*******************************************************************************
*** INIT TABLE
***

          Address   Size
          -------   ----
Copy (__iar_copy_init2)
    1 source range, total size 0xe:
          0x008b9a   0xe
    1 destination range, total size 0xe:
          0x000010   0xe



*******************************************************************************
*** MODULE SUMMARY
***

    Module                 ro code  ro data  rw data
    ------                 -------  -------  -------
E:\Nas\电路\保温箱\YZW-S8-EE22(Rev1.0)\C\Out\Obj: [1]
    initiall.o                 262
    main.o                      57        4        4
    stm8s_clk.o                204       59
    stm8s_delay.o              143
    stm8s_flash.o               24
    stm8s_gpio.o               229       60
    stm8s_it.o                 151        5        5
    stm8s_tim1.o               389       60
    stm8s_tim2.o               314       60
    stm8s_tim4.o               161       60
    tm1650.o                   496        5        5
    ------------------------------------------------
    Total:                   2 430      313       14

command line: [2]
    ------------------------------------------------
    Total:

dbgstm8mmd.a: [3]
    __dbg_break.o                1
    __dbg_xxexit.o              22
    ------------------------------------------------
    Total:                      23

dlstm8mmn.a: [4]
    cexit.o                      6
    cstartup.o                  23
    exit.o                       4
    far_util.o                  14
    init.o                      30
    init_small.o                40
    interrupt.o                  4      128
    long.o                      25
    low_level_init.o             3
    unhandled_exception.o        3
    vreg_util.o                184
    vregs.o                                       16
    ------------------------------------------------
    Total:                     336      128       16

    Linker created                       11      256
----------------------------------------------------
    Grand Total:             2 789      452      286


*******************************************************************************
*** ENTRY LIST
***

Entry                    Address  Size  Type      Object
-----                    -------  ----  ----      ------
.iar.init_table$$Base   0x0089aa         --   Gb  - Linker created -
.iar.init_table$$Limit  0x0089b5         --   Gb  - Linker created -
?b0                     0x000000        Data  Gb  vregs.o [4]
?b1                     0x000001        Data  Gb  vregs.o [4]
?b10                    0x00000a        Data  Gb  vregs.o [4]
?b11                    0x00000b        Data  Gb  vregs.o [4]
?b12                    0x00000c        Data  Gb  vregs.o [4]
?b13                    0x00000d        Data  Gb  vregs.o [4]
?b14                    0x00000e        Data  Gb  vregs.o [4]
?b15                    0x00000f        Data  Gb  vregs.o [4]
?b2                     0x000002        Data  Gb  vregs.o [4]
?b3                     0x000003        Data  Gb  vregs.o [4]
?b4                     0x000004        Data  Gb  vregs.o [4]
?b5                     0x000005        Data  Gb  vregs.o [4]
?b6                     0x000006        Data  Gb  vregs.o [4]
?b7                     0x000007        Data  Gb  vregs.o [4]
?b8                     0x000008        Data  Gb  vregs.o [4]
?b9                     0x000009        Data  Gb  vregs.o [4]
?dec32_0x_0x            0x008a42        Code  Gb  long.o [4]
?dec32_l2_l2            0x008a3d        Code  Gb  long.o [4]
?e0                     0x000001        Data  Gb  vregs.o [4]
?e1                     0x000005        Data  Gb  vregs.o [4]
?e2                     0x000009        Data  Gb  vregs.o [4]
?e3                     0x00000d        Data  Gb  vregs.o [4]
?epilogue_l2            0x0082da        Code  Gb  vreg_util.o [4]
?epilogue_l2_w6         0x0082df        Code  Gb  vreg_util.o [4]
?epilogue_w4            0x0082e8        Code  Gb  vreg_util.o [4]
?l0                     0x000000        Data  Gb  vregs.o [4]
?l1                     0x000004        Data  Gb  vregs.o [4]
?l2                     0x000008        Data  Gb  vregs.o [4]
?l3                     0x00000c        Data  Gb  vregs.o [4]
?load24_e1_0x           0x008b8c        Code  Gb  far_util.o [4]
?mov_e2_e0              0x0082f0        Code  Gb  vreg_util.o [4]
?mov_l2_l0              0x0082ed        Code  Gb  vreg_util.o [4]
?mov_w5_w1              0x0082f3        Code  Gb  vreg_util.o [4]
?pop_l0                 0x0082ad        Code  Gb  vreg_util.o [4]
?pop_l1                 0x0082b8        Code  Gb  vreg_util.o [4]
?pop_l2                 0x0082c3        Code  Gb  vreg_util.o [4]
?pop_w4                 0x008263        Code  Gb  vreg_util.o [4]
?pop_w6                 0x00826a        Code  Gb  vreg_util.o [4]
?push_l0                0x00827d        Code  Gb  vreg_util.o [4]
?push_l1                0x008282        Code  Gb  vreg_util.o [4]
?push_l2                0x008287        Code  Gb  vreg_util.o [4]
?push_w4                0x008242        Code  Gb  vreg_util.o [4]
?push_w6                0x008247        Code  Gb  vreg_util.o [4]
?w0                     0x000000        Data  Gb  vregs.o [4]
?w1                     0x000002        Data  Gb  vregs.o [4]
?w2                     0x000004        Data  Gb  vregs.o [4]
?w3                     0x000006        Data  Gb  vregs.o [4]
?w4                     0x000008        Data  Gb  vregs.o [4]
?w5                     0x00000a        Data  Gb  vregs.o [4]
?w6                     0x00000c        Data  Gb  vregs.o [4]
?w7                     0x00000e        Data  Gb  vregs.o [4]
ADC1_IRQHandler         0x008ca5   0x1  Code  Gb  stm8s_it.o [1]
AWU_IRQHandler          0x008c97   0x1  Code  Gb  stm8s_it.o [1]
CLK_CCOCmd              0x008acb  0x17  Code  Gb  stm8s_clk.o [1]
CLK_DeInit              0x0088c5  0x36  Code  Gb  stm8s_clk.o [1]
CLK_HSECmd              0x008a86  0x17  Code  Gb  stm8s_clk.o [1]
CLK_HSICmd              0x008a9d  0x17  Code  Gb  stm8s_clk.o [1]
CLK_HSIPrescalerConfig  0x008931  0x2e  Code  Gb  stm8s_clk.o [1]
CLK_IRQHandler          0x008c98   0x1  Code  Gb  stm8s_it.o [1]
CLK_LSICmd              0x008ab4  0x17  Code  Gb  stm8s_clk.o [1]
CSTACK$$Base            0x000300         --   Gb  - Linker created -
CSTACK$$Limit           0x000400         --   Gb  - Linker created -
EEPROM_EEC_IRQHandler   0x008ca7   0x1  Code  Gb  stm8s_it.o [1]
EXTI_PORTA_IRQHandler   0x008c99   0x1  Code  Gb  stm8s_it.o [1]
EXTI_PORTB_IRQHandler   0x008c9a   0x1  Code  Gb  stm8s_it.o [1]
EXTI_PORTC_IRQHandler   0x008c9b   0x1  Code  Gb  stm8s_it.o [1]
EXTI_PORTD_IRQHandler   0x008c9c   0x1  Code  Gb  stm8s_it.o [1]
EXTI_PORTE_IRQHandler   0x008c9d   0x1  Code  Gb  stm8s_it.o [1]
FLASH_DeInit            0x008a6e  0x18  Code  Gb  stm8s_flash.o [1]
GPIO_DeInit             0x008b6b  0x12  Code  Gb  stm8s_gpio.o [1]
GPIO_Init               0x0082fa  0xb5  Code  Gb  stm8s_gpio.o [1]
GPIO_ReadInputPin       0x008c70   0x7  Code  Gb  stm8s_gpio.o [1]
GPIO_WriteHigh          0x008c69   0x7  Code  Gb  stm8s_gpio.o [1]
GPIO_WriteLow           0x008c7d   0x4  Code  Gb  stm8s_gpio.o [1]
I2C_IRQHandler          0x008ca4   0x1  Code  Gb  stm8s_it.o [1]
INTVEC$$Base            0x008000         --   Gb  - Linker created -
INTVEC$$Limit           0x008080         --   Gb  - Linker created -
Region$$Table$$Base     0x0089aa         --   Gb  - Linker created -
Region$$Table$$Limit    0x0089b5         --   Gb  - Linker created -
SPI_IRQHandler          0x008c9e   0x1  Code  Gb  stm8s_it.o [1]
TIM1_ARRPreloadConfig   0x008af9  0x17  Code  Gb  stm8s_tim1.o [1]
TIM1_CAP_COM_IRQHandler
                        0x008c9f   0x1  Code  Gb  stm8s_it.o [1]
TIM1_ClearITPendingBit  0x008a24  0x19  Code  Gb  stm8s_tim1.o [1]
TIM1_Cmd                0x008ae2  0x17  Code  Gb  stm8s_tim1.o [1]
TIM1_DeInit             0x0083af  0x99  Code  Gb  stm8s_tim1.o [1]
TIM1_ITConfig           0x00888e  0x37  Code  Gb  stm8s_tim1.o [1]
TIM1_SetCompare4        0x008c34   0x9  Code  Gb  stm8s_tim1.o [1]
TIM1_TimeBaseInit       0x00859e  0x4e  Code  Gb  stm8s_tim1.o [1]
TIM1_UPD_OVF_TRG_BRK_IRQHandler
                        0x008448  0x84  Code  Gb  stm8s_it.o [1]
TIM1_UPD_OVF_TRG_BRK_IRQHandler::i
                        0x000019   0x1  Data  Lc  stm8s_it.o [1]
TIM1_UPD_OVF_TRG_BRK_IRQHandler::key_down_time
                        0x00001b   0x1  Data  Lc  stm8s_it.o [1]
TIM1_UPD_OVF_TRG_BRK_IRQHandler::key_up_time
                        0x00001c   0x2  Data  Lc  stm8s_it.o [1]
TIM1_UPD_OVF_TRG_BRK_IRQHandler::ledpwm
                        0x00001a   0x1  Data  Lc  stm8s_it.o [1]
TIM2_CAP_COM_IRQHandler
                        0x008ca1   0x1  Code  Gb  stm8s_it.o [1]
TIM2_Cmd                0x008b10  0x17  Code  Gb  stm8s_tim2.o [1]
TIM2_DeInit             0x008545  0x59  Code  Gb  stm8s_tim2.o [1]
TIM2_OC3Init            0x0084cc  0x79  Code  Gb  stm8s_tim2.o [1]
TIM2_SetCompare3        0x008c46   0x9  Code  Gb  stm8s_tim2.o [1]
TIM2_SetCounter         0x008c3d   0x9  Code  Gb  stm8s_tim2.o [1]
TIM2_TimeBaseInit       0x008be5   0xc  Code  Gb  stm8s_tim2.o [1]
TIM2_UPD_OVF_BRK_IRQHandler
                        0x008ca0   0x1  Code  Gb  stm8s_it.o [1]
TIM4_ClearFlag          0x008a0a  0x1a  Code  Gb  stm8s_tim4.o [1]
TIM4_Cmd                0x008b27  0x17  Code  Gb  stm8s_tim4.o [1]
TIM4_GetFlagStatus      0x008987  0x23  Code  Gb  stm8s_tim4.o [1]
TIM4_SetCounter         0x008c81   0x4  Code  Gb  stm8s_tim4.o [1]
TIM4_TimeBaseInit       0x008678  0x3d  Code  Gb  stm8s_tim4.o [1]
TIM4_UPD_OVF_IRQHandler
                        0x008ca6   0x1  Code  Gb  stm8s_it.o [1]
TLI_IRQHandler          0x008c96   0x1  Code  Gb  stm8s_it.o [1]
TRAP_IRQHandler         0x008c95   0x1  Code  Gb  stm8s_it.o [1]
UART1_RX_IRQHandler     0x008ca3   0x1  Code  Gb  stm8s_it.o [1]
UART1_TX_IRQHandler     0x008ca2   0x1  Code  Gb  stm8s_it.o [1]
__DebugBreak            0x008ca8   0x1  Code  Gb  __dbg_break.o [3]
__exit                  0x008b55  0x16  Code  Gb  __dbg_xxexit.o [3]
__iar_copy_init2        0x00895f        Code  Gb  init_small.o [4]
__iar_data_init2        0x0089b5  0x1e  Code  Gb  init.o [4]
__iar_program_start     0x008b3e        Code  Gb  cstartup.o [4]
__iar_unhandled_exception
                        0x008c90        Code  Gb  unhandled_exception.o [4]
__intvec                0x008000        Data  Gb  interrupt.o [4]
__low_level_init        0x008c8d   0x3  Code  Gb  low_level_init.o [4]
_exit                   0x008c77        Code  Gb  cexit.o [4]
_interrupt_1            0x008c95        Code  Gb  stm8s_it.o [1]
_interrupt_12           0x008c9e        Code  Gb  stm8s_it.o [1]
_interrupt_13           0x008448        Code  Gb  stm8s_it.o [1]
_interrupt_14           0x008c9f        Code  Gb  stm8s_it.o [1]
_interrupt_15           0x008ca0        Code  Gb  stm8s_it.o [1]
_interrupt_16           0x008ca1        Code  Gb  stm8s_it.o [1]
_interrupt_19           0x008ca2        Code  Gb  stm8s_it.o [1]
_interrupt_2            0x008c96        Code  Gb  stm8s_it.o [1]
_interrupt_20           0x008ca3        Code  Gb  stm8s_it.o [1]
_interrupt_21           0x008ca4        Code  Gb  stm8s_it.o [1]
_interrupt_24           0x008ca5        Code  Gb  stm8s_it.o [1]
_interrupt_25           0x008ca6        Code  Gb  stm8s_it.o [1]
_interrupt_26           0x008ca7        Code  Gb  stm8s_it.o [1]
_interrupt_3            0x008c97        Code  Gb  stm8s_it.o [1]
_interrupt_4            0x008c98        Code  Gb  stm8s_it.o [1]
_interrupt_5            0x008c99        Code  Gb  stm8s_it.o [1]
_interrupt_6            0x008c9a        Code  Gb  stm8s_it.o [1]
_interrupt_7            0x008c9b        Code  Gb  stm8s_it.o [1]
_interrupt_8            0x008c9c        Code  Gb  stm8s_it.o [1]
_interrupt_9            0x008c9d        Code  Gb  stm8s_it.o [1]
ack                     0x0085ec  0x49  Code  Gb  tm1650.o [1]
assert_failed           0x008c93   0x2  Code  Gb  main.o [1]
delay_ms                0x0086b5  0x3c  Code  Gb  stm8s_delay.o [1]
delay_us                0x0087e1  0x3b  Code  Gb  stm8s_delay.o [1]
exit                    0x008c89   0x4  Code  Gb  exit.o [4]
initiall                0x008080  0xe9  Code  Gb  initiall.o [1]
key                     0x000017   0x1  Data  Gb  main.o [1]
key_down                0x000018   0x1  Data  Gb  main.o [1]
key_up                  0x000010   0x1  Data  Gb  main.o [1]
led_status              0x000016   0x1  Data  Gb  main.o [1]
main                    0x008857  0x37  Code  Gb  main.o [1]
tm1650R                 0x0088fb  0x36  Code  Gb  tm1650.o [1]
tm1650W                 0x008635  0x43  Code  Gb  tm1650.o [1]
tm1650_addrs            0x000012   0x4  Data  Gb  tm1650.o [1]
tm1650_displayInit      0x0081d9  0x3b  Code  Gb  tm1650.o [1]
tm1650_displayW         0x008169  0x70  Code  Gb  tm1650.o [1]
tm1650_displaykeyR      0x008214  0x23  Code  Gb  tm1650.o [1]
tm1650_level            0x000011   0x1  Data  Gb  tm1650.o [1]
tm1650_start            0x0089ef  0x1b  Code  Gb  tm1650.o [1]
tm1650_stop             0x0089d3  0x1c  Code  Gb  tm1650.o [1]


[1] = E:\Nas\电路\保温箱\YZW-S8-EE22(Rev1.0)\C\Out\Obj
[2] = command line
[3] = dbgstm8mmd.a
[4] = dlstm8mmn.a

  2 789 bytes of readonly  code memory
    452 bytes of readonly  data memory
    286 bytes of readwrite data memory

Errors: none
Warnings: none
